<html>
<body>
<pre>
<h1>礦ision Build Log</h1>
<h2>Tool Versions:</h2>
IDE-Version: μVision V5.22.0.0
Copyright (C) 2016 ARM Ltd and ARM Germany GmbH. All rights reserved.
License Information: Liu Jay, uestc, LIC=65ISZ-JBPJJ-QDKKD-88NI4-ZFP8M-FJI91
 
Tool Versions:
Toolchain:       MDK-ARM Plus  Version: 5.22
Toolchain Path:  C:\Keil\ARM\ARMCC\Bin
C Compiler:      Armcc.exe V5.06 update 4 (build 422)
Assembler:       Armasm.exe V5.06 update 4 (build 422)
Linker/Locator:  ArmLink.exe V5.06 update 4 (build 422)
Library Manager: ArmAr.exe V5.06 update 4 (build 422)
Hex Converter:   FromElf.exe V5.06 update 4 (build 422)
CPU DLL:         SARMCM3.DLL V5.22
Dialog DLL:      DCM.DLL V1.13.9.0
Target DLL:      CMSIS_AGDI.dll V1.27.0.0
Dialog DLL:      TCM.DLL V1.21.0.0
 
<h2>Project:</h2>
\\Mac\iCloud\Documents\uCOSII\Project\RVMDK（uv5）\BH-F407.uvprojx
Project File Date:  07/16/2020

<h2>Output:</h2>
*** Using Compiler 'V5.06 update 4 (build 422)', folder: 'C:\Keil\ARM\ARMCC\Bin'
Rebuild target '固件库-工程模版'
assembling startup_stm32f40xx.s...
compiling system_stm32f4xx.c...
compiling misc.c...
compiling stm32f4xx_adc.c...
compiling stm32f4xx_can.c...
compiling stm32f4xx_cec.c...
compiling stm32f4xx_crc.c...
compiling stm32f4xx_cryp.c...
compiling stm32f4xx_cryp_aes.c...
compiling stm32f4xx_cryp_des.c...
compiling stm32f4xx_cryp_tdes.c...
compiling stm32f4xx_dac.c...
compiling stm32f4xx_dbgmcu.c...
compiling stm32f4xx_dcmi.c...
compiling stm32f4xx_dfsdm.c...
compiling stm32f4xx_dma.c...
compiling stm32f4xx_dsi.c...
compiling stm32f4xx_exti.c...
compiling stm32f4xx_flash.c...
compiling stm32f4xx_flash_ramfunc.c...
compiling stm32f4xx_fmpi2c.c...
compiling stm32f4xx_fsmc.c...
compiling stm32f4xx_gpio.c...
compiling stm32f4xx_hash.c...
compiling stm32f4xx_hash_md5.c...
compiling stm32f4xx_hash_sha1.c...
compiling stm32f4xx_i2c.c...
compiling stm32f4xx_iwdg.c...
compiling stm32f4xx_lptim.c...
compiling stm32f4xx_pwr.c...
compiling stm32f4xx_qspi.c...
compiling stm32f4xx_rcc.c...
compiling stm32f4xx_rng.c...
compiling stm32f4xx_rtc.c...
compiling stm32f4xx_sai.c...
compiling stm32f4xx_sdio.c...
compiling stm32f4xx_spdifrx.c...
compiling stm32f4xx_spi.c...
compiling stm32f4xx_syscfg.c...
compiling stm32f4xx_tim.c...
compiling stm32f4xx_usart.c...
compiling stm32f4xx_wwdg.c...
compiling main.c...
..\..\BSP\DEBUG_TICK\HSE_CONFIG.h(2): warning:  #1-D: last line of file ends without a newline
  void HSE_SetSysClock(uint32_t m, uint32_t n, uint32_t p, uint32_t q);
..\..\User\main.c: 1 warning, 0 errors
compiling stm32f4xx_it.c...
compiling bsp_bluetooth.c...
assembling os_cpu_a.asm...
..\..\uCos-II\port\os_cpu_a.asm(129): warning: A1581W: Added 2 bytes of padding at address 0xa2
compiling os_cpu_c.c...
compiling os_dbg_r.c...
compiling os_core.c...
compiling os_flag.c...
compiling os_mbox.c...
compiling os_mem.c...
compiling os_mutex.c...
compiling os_q.c...
compiling os_sem.c...
compiling os_task.c...
compiling os_time.c...
compiling os_tmr.c...
compiling apps.c...
..\..\BSP\DEBUG_TICK\HSE_CONFIG.h(2): warning:  #1-D: last line of file ends without a newline
  void HSE_SetSysClock(uint32_t m, uint32_t n, uint32_t p, uint32_t q);
..\..\APP\apps.c(9): warning:  #223-D: function "printf" declared implicitly
                printf("hello,Task2,Ticks:%d\n",ticks);
..\..\APP\apps.c(18): warning:  #223-D: function "printf" declared implicitly
                printf("hello,Task1,Ticks:%d\n",ticks);
..\..\APP\apps.c(28): warning:  #223-D: function "printf" declared implicitly
                printf("LED ON %d times,Ticks:%d\n",i+1,ticks);
..\..\APP\apps.c(39): warning:  #223-D: function "GY_Config" declared implicitly
        GY_Config();
..\..\APP\apps.c(40): warning:  #223-D: function "MPU6050_Init" declared implicitly
        MPU6050_Init();
..\..\APP\apps.c(41): warning:  #223-D: function "MPU6050ReadID" declared implicitly
        MPU6050ReadID();
..\..\APP\apps.c: 7 warnings, 0 errors
compiling bsp_led.c...
compiling HSE_CONFIG.c...
..\..\BSP\DEBUG_TICK\HSE_CONFIG.h(2): warning:  #1-D: last line of file ends without a newline
  void HSE_SetSysClock(uint32_t m, uint32_t n, uint32_t p, uint32_t q);
..\..\BSP\DEBUG_TICK\HSE_CONFIG.c: 1 warning, 0 errors
compiling bsp_i2c.c...
..\..\BSP\DEBUG_I2C\bsp_i2c.c(297): warning:  #223-D: function "printf" declared implicitly
      
..\..\BSP\DEBUG_I2C\bsp_i2c.c: 1 warning, 0 errors
compiling mpu6050.c...
..\..\BSP\DEBUG_I2C\mpu6050.c(47): warning:  #223-D: function "printf" declared implicitly
                
PU_ERROR
"MPU6050 dectected error!\r\n检测不到MPU6050模块，请检查模块与开发板的接线");
..\..\BSP\DEBUG_I2C\mpu6050.c(52): warning:  #223-D: function "printf" declared implicitly
                
PU_INFO
"MPU6050 ID = %d\r\n",Re);
..\..\BSP\DEBUG_I2C\mpu6050.c: 2 warnings, 0 errors
linking...
Program Size: Code=9588 RO-data=888 RW-data=108 ZI-data=3900  
".\Objects\BH-F407.axf" - 0 Error(s), 13 Warning(s).

<h2>Collection of Component include folders:</h2>
  \\Mac\iCloud\Documents\uCOSII\Project\RVMDK（uv5）\RTE\_______-________
  C:\Keil\ARM\PACK\Keil\STM32F4xx_DFP\2.13.0\Drivers\CMSIS\Device\ST\STM32F4xx\Include

<h2>Collection of Component Files used:</h2>
Build Time Elapsed:  00:00:44
</pre>
</body>
</html>
